#
# There is insufficient memory for the Java Runtime Environment to continue.
# Native memory allocation (malloc) failed to allocate 32744 bytes. Error detail: Chunk::new
# Possible reasons:
#   The system is out of physical RAM or swap space
#   This process is running with CompressedOops enabled, and the Java Heap may be blocking the growth of the native heap
# Possible solutions:
#   Reduce memory load on the system
#   Increase physical memory or swap space
#   Check if swap backing store is full
#   Decrease Java heap size (-Xmx/-Xms)
#   Decrease number of Java threads
#   Decrease Java thread stack sizes (-Xss)
#   Set larger code cache with -XX:ReservedCodeCacheSize=
#   JVM is running with Unscaled Compressed Oops mode in which the Java heap is
#     placed in the first 4GB address space. The Java Heap base address is the
#     maximum limit for the native heap growth. Please use -XX:HeapBaseMinAddress
#     to set the Java Heap base and to place the Java Heap above 4GB virtual address.
# This output file may be truncated or incomplete.
#
#  Out of Memory Error (arena.cpp:168), pid=16648, tid=17148
#
# JRE version: OpenJDK Runtime Environment Temurin-21.0.9+10 (21.0.9+10) (build 21.0.9+10-LTS)
# Java VM: OpenJDK 64-Bit Server VM Temurin-21.0.9+10 (21.0.9+10-LTS, mixed mode, emulated-client, sharing, tiered, compressed oops, compressed class ptrs, g1 gc, windows-amd64)
# No core dump will be written. Minidumps are not enabled by default on client versions of Windows
#

---------------  S U M M A R Y ------------

Command Line: -Dcom.sun.management.jmxremote -Dcom.sun.management.jmxremote.port=55899 -Dcom.sun.management.jmxremote.authenticate=false -Dcom.sun.management.jmxremote.ssl=false -Djava.rmi.server.hostname=localhost -Dspring.jmx.enabled=true -Dmanagement.endpoints.jmx.exposure.include=* -Dspring.application.admin.enabled=true -Dspring.output.ansi.enabled=always -XX:TieredStopAtLevel=1 -Dspring.boot.project.name=Api-gateway -Dfile.encoding=UTF-8 -Dstdout.encoding=UTF-8 -Dstderr.encoding=UTF-8 -XX:+ShowCodeDetailsInExceptionMessages com.example.demo.ApiGatewayApplication

Host: 11th Gen Intel(R) Core(TM) i5-1135G7 @ 2.40GHz, 8 cores, 7G,  Windows 11 , 64 bit Build 26100 (10.0.26100.8972)
Time: Thu Aug 20 15:09:46 2026 India Standard Time elapsed time: 1.814898 seconds (0d 0h 0m 1s)

---------------  T H R E A D  ---------------

Current thread (0x000001d17d2d0770):  JavaThread "C1 CompilerThread3" daemon [_thread_in_native, id=17148, stack(0x0000004909400000,0x0000004909500000) (1024K)]


Current CompileTask:
C1:1814 1629       1       java.net.URLStreamHandler::parseURL (1124 bytes)

Stack: [0x0000004909400000,0x0000004909500000]
Native frames: (J=compiled Java code, j=interpreted, Vv=VM code, C=native code)
V  [jvm.dll+0x6d6e29]
V  [jvm.dll+0x8b4b76]
V  [jvm.dll+0x8b712e]
V  [jvm.dll+0x8b7813]
V  [jvm.dll+0x283d86]
V  [jvm.dll+0xc66ed]
V  [jvm.dll+0xc6c31]
V  [jvm.dll+0x18bf8a]
V  [jvm.dll+0x1803de]
V  [jvm.dll+0x16e500]
V  [jvm.dll+0x1572e7]
V  [jvm.dll+0x156c17]
V  [jvm.dll+0x156e44]
V  [jvm.dll+0x15625c]
V  [jvm.dll+0x157fed]
V  [jvm.dll+0x25b29d]
V  [jvm.dll+0x25982a]
V  [jvm.dll+0x3f7ea6]
V  [jvm.dll+0x85e9ad]
V  [jvm.dll+0x6d565d]
C  [ucrtbase.dll+0x2cd30]
C  [KERNEL32.DLL+0x2ccb7]
C  [ntdll.dll+0xaad6c]


---------------  P R O C E S S  ---------------

Threads class SMR info:
_java_thread_list=0x000001d17d4df9c0, length=20, elements={
0x000001d12b82f440, 0x000001d1373c6d70, 0x000001d1373cae70, 0x000001d1373cd470,
0x000001d1373cfed0, 0x000001d1373d0920, 0x000001d1373d2380, 0x000001d1373d4de0,
0x000001d137488a10, 0x000001d137506390, 0x000001d137512a10, 0x000001d17d2d00d0,
0x000001d17d2d0770, 0x000001d17d40abe0, 0x000001d17d410950, 0x000001d17d43c990,
0x000001d17d50cbb0, 0x000001d17d5b7da0, 0x000001d17d548340, 0x000001d17d548db0
}

Java Threads: ( => current thread )
  0x000001d12b82f440 JavaThread "main"                              [_thread_in_vm, id=9092, stack(0x0000004908100000,0x0000004908200000) (1024K)]
  0x000001d1373c6d70 JavaThread "Reference Handler"          daemon [_thread_blocked, id=16856, stack(0x0000004908900000,0x0000004908a00000) (1024K)]
  0x000001d1373cae70 JavaThread "Finalizer"                  daemon [_thread_blocked, id=15960, stack(0x0000004908a00000,0x0000004908b00000) (1024K)]
  0x000001d1373cd470 JavaThread "Signal Dispatcher"          daemon [_thread_blocked, id=10676, stack(0x0000004908b00000,0x0000004908c00000) (1024K)]
  0x000001d1373cfed0 JavaThread "Attach Listener"            daemon [_thread_blocked, id=25896, stack(0x0000004908c00000,0x0000004908d00000) (1024K)]
  0x000001d1373d0920 JavaThread "Service Thread"             daemon [_thread_blocked, id=18132, stack(0x0000004908d00000,0x0000004908e00000) (1024K)]
  0x000001d1373d2380 JavaThread "Monitor Deflation Thread"   daemon [_thread_blocked, id=19784, stack(0x0000004908e00000,0x0000004908f00000) (1024K)]
  0x000001d1373d4de0 JavaThread "C1 CompilerThread0"         daemon [_thread_blocked, id=19368, stack(0x0000004908f00000,0x0000004909000000) (1024K)]
  0x000001d137488a10 JavaThread "C1 CompilerThread1"         daemon [_thread_in_native, id=20896, stack(0x0000004909000000,0x0000004909100000) (1024K)]
  0x000001d137506390 JavaThread "Notification Thread"        daemon [_thread_blocked, id=25448, stack(0x0000004909100000,0x0000004909200000) (1024K)]
  0x000001d137512a10 JavaThread "Common-Cleaner"             daemon [_thread_blocked, id=16292, stack(0x0000004909200000,0x0000004909300000) (1024K)]
  0x000001d17d2d00d0 JavaThread "C1 CompilerThread2"         daemon [_thread_blocked, id=9600, stack(0x0000004909300000,0x0000004909400000) (1024K)]
=>0x000001d17d2d0770 JavaThread "C1 CompilerThread3"         daemon [_thread_in_native, id=17148, stack(0x0000004909400000,0x0000004909500000) (1024K)]
  0x000001d17d40abe0 JavaThread "RMI TCP Accept-0"           daemon [_thread_in_native, id=23784, stack(0x0000004909500000,0x0000004909600000) (1024K)]
  0x000001d17d410950 JavaThread "RMI TCP Accept-55899"       daemon [_thread_in_native, id=19116, stack(0x0000004909600000,0x0000004909700000) (1024K)]
  0x000001d17d43c990 JavaThread "RMI TCP Accept-0"           daemon [_thread_in_native, id=8140, stack(0x0000004909700000,0x0000004909800000) (1024K)]
  0x000001d17d50cbb0 JavaThread "RMI TCP Connection(1)-127.0.0.1" daemon [_thread_in_native, id=20824, stack(0x0000004909800000,0x0000004909900000) (1024K)]
  0x000001d17d5b7da0 JavaThread "RMI Scheduler(0)"           daemon [_thread_blocked, id=13188, stack(0x000000490a000000,0x000000490a100000) (1024K)]
  0x000001d17d548340 JavaThread "RMI TCP Connection(2)-127.0.0.1" daemon [_thread_in_native, id=25672, stack(0x000000490a100000,0x000000490a200000) (1024K)]
  0x000001d17d548db0 JavaThread "JMX server connection timeout 35" daemon [_thread_blocked, id=17888, stack(0x000000490a200000,0x000000490a300000) (1024K)]
Total: 20

Other Threads:
  0x000001d1373a71c0 VMThread "VM Thread"                           [id=3832, stack(0x0000004908800000,0x0000004908900000) (1024K)]
  0x000001d137394ea0 WatcherThread "VM Periodic Task Thread"        [id=9208, stack(0x0000004908700000,0x0000004908800000) (1024K)]
  0x000001d12b8850a0 WorkerThread "GC Thread#0"                     [id=17344, stack(0x0000004908200000,0x0000004908300000) (1024K)]
  0x000001d17d4fd2e0 WorkerThread "GC Thread#1"                     [id=8724, stack(0x0000004909900000,0x0000004909a00000) (1024K)]
  0x000001d17d4f85c0 WorkerThread "GC Thread#2"                     [id=12420, stack(0x0000004909a00000,0x0000004909b00000) (1024K)]
  0x000001d17d565eb0 WorkerThread "GC Thread#3"                     [id=9692, stack(0x0000004909b00000,0x0000004909c00000) (1024K)]
  0x000001d17d566250 WorkerThread "GC Thread#4"                     [id=18144, stack(0x0000004909c00000,0x0000004909d00000) (1024K)]
  0x000001d17d5665f0 WorkerThread "GC Thread#5"                     [id=25992, stack(0x0000004909d00000,0x0000004909e00000) (1024K)]
  0x000001d17d5689a0 WorkerThread "GC Thread#6"                     [id=24196, stack(0x0000004909e00000,0x0000004909f00000) (1024K)]
  0x000001d17d568d40 WorkerThread "GC Thread#7"                     [id=19332, stack(0x0000004909f00000,0x000000490a000000) (1024K)]
  0x000001d12b895710 ConcurrentGCThread "G1 Main Marker"            [id=20416, stack(0x0000004908300000,0x0000004908400000) (1024K)]
  0x000001d12b896d40 WorkerThread "G1 Conc#0"                       [id=7624, stack(0x0000004908400000,0x0000004908500000) (1024K)]
  0x000001d12b8de760 ConcurrentGCThread "G1 Refine#0"               [id=11892, stack(0x0000004908500000,0x0000004908600000) (1024K)]
  0x000001d137264ae0 ConcurrentGCThread "G1 Service"                [id=5344, stack(0x0000004908600000,0x0000004908700000) (1024K)]
Total: 14

Threads with active compile tasks:
C1 CompilerThread1  1836 1634       1       java.util.zip.CRC32::updateBytes (14 bytes)
C1 CompilerThread3  1836 1629       1       java.net.URLStreamHandler::parseURL (1124 bytes)
Total: 2

VM state: not at safepoint (normal execution)

VM Mutex/Monitor currently owned by a thread: None

Heap address: 0x0000000084400000, size: 1980 MB, Compressed Oops mode: 32-bit

CDS archive(s) mapped at: [0x000001d138000000-0x000001d138c80000-0x000001d138c80000), size 13107200, SharedBaseAddress: 0x000001d138000000, ArchiveRelocationMode: 1.
Compressed class space mapped at: 0x000001d139000000-0x000001d179000000, reserved size: 1073741824
Narrow klass base: 0x000001d138000000, Narrow klass shift: 0, Narrow klass range: 0x100000000

GC Precious Log:
 CardTable entry size: 512
 Card Set container configuration: InlinePtr #cards 5 size 8 Array Of Cards #cards 12 size 40 Howl #buckets 4 coarsen threshold 1843 Howl Bitmap #cards 512 size 80 coarsen threshold 460 Card regions per heap region 1 cards per card region 2048
 CPUs: 8 total, 8 available
 Memory: 7914M
 Large Page Support: Disabled
 NUMA Support: Disabled
 Compressed Oops: Enabled (32-bit)
 Heap Region Size: 1M
 Heap Min Capacity: 8M
 Heap Initial Capacity: 124M
 Heap Max Capacity: 1980M
 Pre-touch: Disabled
 Parallel Workers: 8
 Concurrent Workers: 2
 Concurrent Refinement Workers: 8
 Periodic GC: Disabled

Heap:
 garbage-first heap   total 126976K, used 28361K [0x0000000084400000, 0x0000000100000000)
  region size 1024K, 20 young (20480K), 3 survivors (3072K)
 Metaspace       used 8738K, committed 9024K, reserved 1114112K
  class space    used 1065K, committed 1216K, reserved 1048576K

Heap Regions: E=young(eden), S=young(survivor), O=old, HS=humongous(starts), HC=humongous(continues), CS=collection set, F=free, TAMS=top-at-mark-start, PB=parsable bottom
|   0|0x0000000084400000, 0x0000000084500000, 0x0000000084500000|100%|HS|  |TAMS 0x0000000084400000| PB 0x0000000084400000| Complete 
|   1|0x0000000084500000, 0x0000000084600000, 0x0000000084600000|100%|HS|  |TAMS 0x0000000084500000| PB 0x0000000084500000| Complete 
|   2|0x0000000084600000, 0x0000000084700000, 0x0000000084700000|100%| O|  |TAMS 0x0000000084600000| PB 0x0000000084600000| Untracked 
|   3|0x0000000084700000, 0x0000000084800000, 0x0000000084800000|100%| O|  |TAMS 0x0000000084700000| PB 0x0000000084700000| Untracked 
|   4|0x0000000084800000, 0x0000000084900000, 0x0000000084900000|100%| O|  |TAMS 0x0000000084800000| PB 0x0000000084800000| Untracked 
|   5|0x0000000084900000, 0x00000000849b2488, 0x0000000084a00000| 69%| O|  |TAMS 0x0000000084900000| PB 0x0000000084900000| Untracked 
|   6|0x0000000084a00000, 0x0000000084b00000, 0x0000000084b00000|100%|HS|  |TAMS 0x0000000084a00000| PB 0x0000000084a00000| Complete 
|   7|0x0000000084b00000, 0x0000000084c00000, 0x0000000084c00000|100%|HS|  |TAMS 0x0000000084b00000| PB 0x0000000084b00000| Complete 
|   8|0x0000000084c00000, 0x0000000084d00000, 0x0000000084d00000|100%|HS|  |TAMS 0x0000000084c00000| PB 0x0000000084c00000| Complete 
|   9|0x0000000084d00000, 0x0000000084d00000, 0x0000000084e00000|  0%| F|  |TAMS 0x0000000084d00000| PB 0x0000000084d00000| Untracked 
|  10|0x0000000084e00000, 0x0000000084e00000, 0x0000000084f00000|  0%| F|  |TAMS 0x0000000084e00000| PB 0x0000000084e00000| Untracked 
|  11|0x0000000084f00000, 0x0000000084f00000, 0x0000000085000000|  0%| F|  |TAMS 0x0000000084f00000| PB 0x0000000084f00000| Untracked 
|  12|0x0000000085000000, 0x0000000085000000, 0x0000000085100000|  0%| F|  |TAMS 0x0000000085000000| PB 0x0000000085000000| Untracked 
|  13|0x0000000085100000, 0x0000000085100000, 0x0000000085200000|  0%| F|  |TAMS 0x0000000085100000| PB 0x0000000085100000| Untracked 
|  14|0x0000000085200000, 0x0000000085200000, 0x0000000085300000|  0%| F|  |TAMS 0x0000000085200000| PB 0x0000000085200000| Untracked 
|  15|0x0000000085300000, 0x0000000085300000, 0x0000000085400000|  0%| F|  |TAMS 0x0000000085300000| PB 0x0000000085300000| Untracked 
|  16|0x0000000085400000, 0x0000000085400000, 0x0000000085500000|  0%| F|  |TAMS 0x0000000085400000| PB 0x0000000085400000| Untracked 
|  17|0x0000000085500000, 0x0000000085500000, 0x0000000085600000|  0%| F|  |TAMS 0x0000000085500000| PB 0x0000000085500000| Untracked 
|  18|0x0000000085600000, 0x0000000085600000, 0x0000000085700000|  0%| F|  |TAMS 0x0000000085600000| PB 0x0000000085600000| Untracked 
|  19|0x0000000085700000, 0x0000000085700000, 0x0000000085800000|  0%| F|  |TAMS 0x0000000085700000| PB 0x0000000085700000| Untracked 
|  20|0x0000000085800000, 0x0000000085800000, 0x0000000085900000|  0%| F|  |TAMS 0x0000000085800000| PB 0x0000000085800000| Untracked 
|  21|0x0000000085900000, 0x0000000085900000, 0x0000000085a00000|  0%| F|  |TAMS 0x0000000085900000| PB 0x0000000085900000| Untracked 
|  22|0x0000000085a00000, 0x0000000085a00000, 0x0000000085b00000|  0%| F|  |TAMS 0x0000000085a00000| PB 0x0000000085a00000| Untracked 
|  23|0x0000000085b00000, 0x0000000085b00000, 0x0000000085c00000|  0%| F|  |TAMS 0x0000000085b00000| PB 0x0000000085b00000| Untracked 
|  24|0x0000000085c00000, 0x0000000085c00000, 0x0000000085d00000|  0%| F|  |TAMS 0x0000000085c00000| PB 0x0000000085c00000| Untracked 
|  25|0x0000000085d00000, 0x0000000085d00000, 0x0000000085e00000|  0%| F|  |TAMS 0x0000000085d00000| PB 0x0000000085d00000| Untracked 
|  26|0x0000000085e00000, 0x0000000085e00000, 0x0000000085f00000|  0%| F|  |TAMS 0x0000000085e00000| PB 0x0000000085e00000| Untracked 
|  27|0x0000000085f00000, 0x0000000085f00000, 0x0000000086000000|  0%| F|  |TAMS 0x0000000085f00000| PB 0x0000000085f00000| Untracked 
|  28|0x0000000086000000, 0x0000000086000000, 0x0000000086100000|  0%| F|  |TAMS 0x0000000086000000| PB 0x0000000086000000| Untracked 
|  29|0x0000000086100000, 0x0000000086100000, 0x0000000086200000|  0%| F|  |TAMS 0x0000000086100000| PB 0x0000000086100000| Untracked 
|  30|0x0000000086200000, 0x0000000086200000, 0x0000000086300000|  0%| F|  |TAMS 0x0000000086200000| PB 0x0000000086200000| Untracked 
|  31|0x0000000086300000, 0x0000000086300000, 0x0000000086400000|  0%| F|  |TAMS 0x0000000086300000| PB 0x0000000086300000| Untracked 
|  32|0x0000000086400000, 0x0000000086400000, 0x0000000086500000|  0%| F|  |TAMS 0x0000000086400000| PB 0x0000000086400000| Untracked 
|  33|0x0000000086500000, 0x0000000086500000, 0x0000000086600000|  0%| F|  |TAMS 0x0000000086500000| PB 0x0000000086500000| Untracked 
|  34|0x0000000086600000, 0x0000000086600000, 0x0000000086700000|  0%| F|  |TAMS 0x0000000086600000| PB 0x0000000086600000| Untracked 
|  35|0x0000000086700000, 0x0000000086700000, 0x0000000086800000|  0%| F|  |TAMS 0x0000000086700000| PB 0x0000000086700000| Untracked 
|  36|0x0000000086800000, 0x0000000086800000, 0x0000000086900000|  0%| F|  |TAMS 0x0000000086800000| PB 0x0000000086800000| Untracked 
|  37|0x0000000086900000, 0x0000000086900000, 0x0000000086a00000|  0%| F|  |TAMS 0x0000000086900000| PB 0x0000000086900000| Untracked 
|  38|0x0000000086a00000, 0x0000000086a00000, 0x0000000086b00000|  0%| F|  |TAMS 0x0000000086a00000| PB 0x0000000086a00000| Untracked 
|  39|0x0000000086b00000, 0x0000000086b00000, 0x0000000086c00000|  0%| F|  |TAMS 0x0000000086b00000| PB 0x0000000086b00000| Untracked 
|  40|0x0000000086c00000, 0x0000000086c00000, 0x0000000086d00000|  0%| F|  |TAMS 0x0000000086c00000| PB 0x0000000086c00000| Untracked 
|  41|0x0000000086d00000, 0x0000000086d00000, 0x0000000086e00000|  0%| F|  |TAMS 0x0000000086d00000| PB 0x0000000086d00000| Untracked 
|  42|0x0000000086e00000, 0x0000000086e00000, 0x0000000086f00000|  0%| F|  |TAMS 0x0000000086e00000| PB 0x0000000086e00000| Untracked 
|  43|0x0000000086f00000, 0x0000000086f00000, 0x0000000087000000|  0%| F|  |TAMS 0x0000000086f00000| PB 0x0000000086f00000| Untracked 
|  44|0x0000000087000000, 0x0000000087000000, 0x0000000087100000|  0%| F|  |TAMS 0x0000000087000000| PB 0x0000000087000000| Untracked 
|  45|0x0000000087100000, 0x0000000087100000, 0x0000000087200000|  0%| F|  |TAMS 0x0000000087100000| PB 0x0000000087100000| Untracked 
|  46|0x0000000087200000, 0x0000000087200000, 0x0000000087300000|  0%| F|  |TAMS 0x0000000087200000| PB 0x0000000087200000| Untracked 
|  47|0x0000000087300000, 0x0000000087300000, 0x0000000087400000|  0%| F|  |TAMS 0x0000000087300000| PB 0x0000000087300000| Untracked 
|  48|0x0000000087400000, 0x0000000087400000, 0x0000000087500000|  0%| F|  |TAMS 0x0000000087400000| PB 0x0000000087400000| Untracked 
|  49|0x0000000087500000, 0x0000000087500000, 0x0000000087600000|  0%| F|  |TAMS 0x0000000087500000| PB 0x0000000087500000| Untracked 
|  50|0x0000000087600000, 0x0000000087600000, 0x0000000087700000|  0%| F|  |TAMS 0x0000000087600000| PB 0x0000000087600000| Untracked 
|  51|0x0000000087700000, 0x0000000087700000, 0x0000000087800000|  0%| F|  |TAMS 0x0000000087700000| PB 0x0000000087700000| Untracked 
|  52|0x0000000087800000, 0x0000000087800000, 0x0000000087900000|  0%| F|  |TAMS 0x0000000087800000| PB 0x0000000087800000| Untracked 
|  53|0x0000000087900000, 0x0000000087900000, 0x0000000087a00000|  0%| F|  |TAMS 0x0000000087900000| PB 0x0000000087900000| Untracked 
|  54|0x0000000087a00000, 0x0000000087a00000, 0x0000000087b00000|  0%| F|  |TAMS 0x0000000087a00000| PB 0x0000000087a00000| Untracked 
|  55|0x0000000087b00000, 0x0000000087b00000, 0x0000000087c00000|  0%| F|  |TAMS 0x0000000087b00000| PB 0x0000000087b00000| Untracked 
|  56|0x0000000087c00000, 0x0000000087c00000, 0x0000000087d00000|  0%| F|  |TAMS 0x0000000087c00000| PB 0x0000000087c00000| Untracked 
|  57|0x0000000087d00000, 0x0000000087d00000, 0x0000000087e00000|  0%| F|  |TAMS 0x0000000087d00000| PB 0x0000000087d00000| Untracked 
|  58|0x0000000087e00000, 0x0000000087e00000, 0x0000000087f00000|  0%| F|  |TAMS 0x0000000087e00000| PB 0x0000000087e00000| Untracked 
|  59|0x0000000087f00000, 0x0000000087f00000, 0x0000000088000000|  0%| F|  |TAMS 0x0000000087f00000| PB 0x0000000087f00000| Untracked 
|  60|0x0000000088000000, 0x0000000088000000, 0x0000000088100000|  0%| F|  |TAMS 0x0000000088000000| PB 0x0000000088000000| Untracked 
|  61|0x0000000088100000, 0x0000000088100000, 0x0000000088200000|  0%| F|  |TAMS 0x0000000088100000| PB 0x0000000088100000| Untracked 
|  62|0x0000000088200000, 0x0000000088200000, 0x0000000088300000|  0%| F|  |TAMS 0x0000000088200000| PB 0x0000000088200000| Untracked 
|  63|0x0000000088300000, 0x0000000088300000, 0x0000000088400000|  0%| F|  |TAMS 0x0000000088300000| PB 0x0000000088300000| Untracked 
|  64|0x0000000088400000, 0x0000000088400000, 0x0000000088500000|  0%| F|  |TAMS 0x0000000088400000| PB 0x0000000088400000| Untracked 
|  65|0x0000000088500000, 0x0000000088500000, 0x0000000088600000|  0%| F|  |TAMS 0x0000000088500000| PB 0x0000000088500000| Untracked 
|  66|0x0000000088600000, 0x0000000088600000, 0x0000000088700000|  0%| F|  |TAMS 0x0000000088600000| PB 0x0000000088600000| Untracked 
|  67|0x0000000088700000, 0x0000000088700000, 0x0000000088800000|  0%| F|  |TAMS 0x0000000088700000| PB 0x0000000088700000| Untracked 
|  68|0x0000000088800000, 0x0000000088800000, 0x0000000088900000|  0%| F|  |TAMS 0x0000000088800000| PB 0x0000000088800000| Untracked 
|  69|0x0000000088900000, 0x0000000088900000, 0x0000000088a00000|  0%| F|  |TAMS 0x0000000088900000| PB 0x0000000088900000| Untracked 
|  70|0x0000000088a00000, 0x0000000088a00000, 0x0000000088b00000|  0%| F|  |TAMS 0x0000000088a00000| PB 0x0000000088a00000| Untracked 
|  71|0x0000000088b00000, 0x0000000088b00000, 0x0000000088c00000|  0%| F|  |TAMS 0x0000000088b00000| PB 0x0000000088b00000| Untracked 
|  72|0x0000000088c00000, 0x0000000088c00000, 0x0000000088d00000|  0%| F|  |TAMS 0x0000000088c00000| PB 0x0000000088c00000| Untracked 
|  73|0x0000000088d00000, 0x0000000088d00000, 0x0000000088e00000|  0%| F|  |TAMS 0x0000000088d00000| PB 0x0000000088d00000| Untracked 
|  74|0x0000000088e00000, 0x0000000088e00000, 0x0000000088f00000|  0%| F|  |TAMS 0x0000000088e00000| PB 0x0000000088e00000| Untracked 
|  75|0x0000000088f00000, 0x0000000088f00000, 0x0000000089000000|  0%| F|  |TAMS 0x0000000088f00000| PB 0x0000000088f00000| Untracked 
|  76|0x0000000089000000, 0x0000000089000000, 0x0000000089100000|  0%| F|  |TAMS 0x0000000089000000| PB 0x0000000089000000| Untracked 
|  77|0x0000000089100000, 0x0000000089100000, 0x0000000089200000|  0%| F|  |TAMS 0x0000000089100000| PB 0x0000000089100000| Untracked 
|  78|0x0000000089200000, 0x0000000089200000, 0x0000000089300000|  0%| F|  |TAMS 0x0000000089200000| PB 0x0000000089200000| Untracked 
|  79|0x0000000089300000, 0x0000000089300000, 0x0000000089400000|  0%| F|  |TAMS 0x0000000089300000| PB 0x0000000089300000| Untracked 
|  80|0x0000000089400000, 0x0000000089400000, 0x0000000089500000|  0%| F|  |TAMS 0x0000000089400000| PB 0x0000000089400000| Untracked 
|  81|0x0000000089500000, 0x0000000089500000, 0x0000000089600000|  0%| F|  |TAMS 0x0000000089500000| PB 0x0000000089500000| Untracked 
|  82|0x0000000089600000, 0x0000000089600000, 0x0000000089700000|  0%| F|  |TAMS 0x0000000089600000| PB 0x0000000089600000| Untracked 
|  83|0x0000000089700000, 0x0000000089700000, 0x0000000089800000|  0%| F|  |TAMS 0x0000000089700000| PB 0x0000000089700000| Untracked 
|  84|0x0000000089800000, 0x0000000089800000, 0x0000000089900000|  0%| F|  |TAMS 0x0000000089800000| PB 0x0000000089800000| Untracked 
|  85|0x0000000089900000, 0x0000000089900000, 0x0000000089a00000|  0%| F|  |TAMS 0x0000000089900000| PB 0x0000000089900000| Untracked 
|  86|0x0000000089a00000, 0x0000000089a00000, 0x0000000089b00000|  0%| F|  |TAMS 0x0000000089a00000| PB 0x0000000089a00000| Untracked 
|  87|0x0000000089b00000, 0x0000000089b00000, 0x0000000089c00000|  0%| F|  |TAMS 0x0000000089b00000| PB 0x0000000089b00000| Untracked 
|  88|0x0000000089c00000, 0x0000000089c00000, 0x0000000089d00000|  0%| F|  |TAMS 0x0000000089c00000| PB 0x0000000089c00000| Untracked 
|  89|0x0000000089d00000, 0x0000000089d00000, 0x0000000089e00000|  0%| F|  |TAMS 0x0000000089d00000| PB 0x0000000089d00000| Untracked 
|  90|0x0000000089e00000, 0x0000000089e00000, 0x0000000089f00000|  0%| F|  |TAMS 0x0000000089e00000| PB 0x0000000089e00000| Untracked 
|  91|0x0000000089f00000, 0x0000000089f00000, 0x000000008a000000|  0%| F|  |TAMS 0x0000000089f00000| PB 0x0000000089f00000| Untracked 
|  92|0x000000008a000000, 0x000000008a000000, 0x000000008a100000|  0%| F|  |TAMS 0x000000008a000000| PB 0x000000008a000000| Untracked 
|  93|0x000000008a100000, 0x000000008a100000, 0x000000008a200000|  0%| F|  |TAMS 0x000000008a100000| PB 0x000000008a100000| Untracked 
|  94|0x000000008a200000, 0x000000008a200000, 0x000000008a300000|  0%| F|  |TAMS 0x000000008a200000| PB 0x000000008a200000| Untracked 
|  95|0x000000008a300000, 0x000000008a300000, 0x000000008a400000|  0%| F|  |TAMS 0x000000008a300000| PB 0x000000008a300000| Untracked 
|  96|0x000000008a400000, 0x000000008a400000, 0x000000008a500000|  0%| F|  |TAMS 0x000000008a400000| PB 0x000000008a400000| Untracked 
|  97|0x000000008a500000, 0x000000008a500000, 0x000000008a600000|  0%| F|  |TAMS 0x000000008a500000| PB 0x000000008a500000| Untracked 
|  98|0x000000008a600000, 0x000000008a700000, 0x000000008a700000|100%| S|CS|TAMS 0x000000008a600000| PB 0x000000008a600000| Complete 
|  99|0x000000008a700000, 0x000000008a800000, 0x000000008a800000|100%| S|CS|TAMS 0x000000008a700000| PB 0x000000008a700000| Complete 
| 100|0x000000008a800000, 0x000000008a900000, 0x000000008a900000|100%| S|CS|TAMS 0x000000008a800000| PB 0x000000008a800000| Complete 
| 101|0x000000008a900000, 0x000000008a900000, 0x000000008aa00000|  0%| F|  |TAMS 0x000000008a900000| PB 0x000000008a900000| Untracked 
| 102|0x000000008aa00000, 0x000000008aa00000, 0x000000008ab00000|  0%| F|  |TAMS 0x000000008aa00000| PB 0x000000008aa00000| Untracked 
| 103|0x000000008ab00000, 0x000000008ab00000, 0x000000008ac00000|  0%| F|  |TAMS 0x000000008ab00000| PB 0x000000008ab00000| Untracked 
| 104|0x000000008ac00000, 0x000000008ac00000, 0x000000008ad00000|  0%| F|  |TAMS 0x000000008ac00000| PB 0x000000008ac00000| Untracked 
| 105|0x000000008ad00000, 0x000000008ad00000, 0x000000008ae00000|  0%| F|  |TAMS 0x000000008ad00000| PB 0x000000008ad00000| Untracked 
| 106|0x000000008ae00000, 0x000000008ae00000, 0x000000008af00000|  0%| F|  |TAMS 0x000000008ae00000| PB 0x000000008ae00000| Untracked 
| 107|0x000000008af00000, 0x000000008afdd230, 0x000000008b000000| 86%| E|  |TAMS 0x000000008af00000| PB 0x000000008af00000| Complete 
| 108|0x000000008b000000, 0x000000008b100000, 0x000000008b100000|100%| E|CS|TAMS 0x000000008b000000| PB 0x000000008b000000| Complete 
| 109|0x000000008b100000, 0x000000008b200000, 0x000000008b200000|100%| E|CS|TAMS 0x000000008b100000| PB 0x000000008b100000| Complete 
| 110|0x000000008b200000, 0x000000008b300000, 0x000000008b300000|100%| E|CS|TAMS 0x000000008b200000| PB 0x000000008b200000| Complete 
| 111|0x000000008b300000, 0x000000008b400000, 0x000000008b400000|100%| E|CS|TAMS 0x000000008b300000| PB 0x000000008b300000| Complete 
| 112|0x000000008b400000, 0x000000008b500000, 0x000000008b500000|100%| E|CS|TAMS 0x000000008b400000| PB 0x000000008b400000| Complete 
| 113|0x000000008b500000, 0x000000008b600000, 0x000000008b600000|100%| E|CS|TAMS 0x000000008b500000| PB 0x000000008b500000| Complete 
| 114|0x000000008b600000, 0x000000008b700000, 0x000000008b700000|100%| E|CS|TAMS 0x000000008b600000| PB 0x000000008b600000| Complete 
| 115|0x000000008b700000, 0x000000008b800000, 0x000000008b800000|100%| E|CS|TAMS 0x000000008b700000| PB 0x000000008b700000| Complete 
| 116|0x000000008b800000, 0x000000008b900000, 0x000000008b900000|100%| E|CS|TAMS 0x000000008b800000| PB 0x000000008b800000| Complete 
| 117|0x000000008b900000, 0x000000008ba00000, 0x000000008ba00000|100%| E|CS|TAMS 0x000000008b900000| PB 0x000000008b900000| Complete 
| 118|0x000000008ba00000, 0x000000008bb00000, 0x000000008bb00000|100%| E|CS|TAMS 0x000000008ba00000| PB 0x000000008ba00000| Complete 
| 119|0x000000008bb00000, 0x000000008bc00000, 0x000000008bc00000|100%| E|CS|TAMS 0x000000008bb00000| PB 0x000000008bb00000| Complete 
| 120|0x000000008bc00000, 0x000000008bd00000, 0x000000008bd00000|100%| E|CS|TAMS 0x000000008bc00000| PB 0x000000008bc00000| Complete 
| 121|0x000000008bd00000, 0x000000008be00000, 0x000000008be00000|100%| E|CS|TAMS 0x000000008bd00000| PB 0x000000008bd00000| Complete 
| 122|0x000000008be00000, 0x000000008bf00000, 0x000000008bf00000|100%| E|CS|TAMS 0x000000008be00000| PB 0x000000008be00000| Complete 
| 123|0x000000008bf00000, 0x000000008c000000, 0x000000008c000000|100%| E|CS|TAMS 0x000000008bf00000| PB 0x000000008bf00000| Complete 

Card table byte_map: [0x000001d1326b0000,0x000001d132a90000] _byte_map_base: 0x000001d13228e000

Marking Bits: (CMBitMap*) 0x000001d12b8856b0
 Bits: [0x000001d132a90000, 0x000001d134980000)

Polling page: 0x000001d129af0000

Metaspace:

Usage:
  Non-class:      7.50 MB used.
      Class:      1.04 MB used.
       Both:      8.54 MB used.

Virtual space:
  Non-class space:       64.00 MB reserved,       7.62 MB ( 12%) committed,  1 nodes.
      Class space:        1.00 GB reserved,       1.19 MB ( <1%) committed,  1 nodes.
             Both:        1.06 GB reserved,       8.81 MB ( <1%) committed. 

Chunk freelists:
   Non-Class:  8.03 MB
       Class:  14.73 MB
        Both:  22.76 MB

MaxMetaspaceSize: unlimited
CompressedClassSpaceSize: 1.00 GB
Initial GC threshold: 21.00 MB
Current GC threshold: 21.00 MB
CDS: on
 - commit_granule_bytes: 65536.
 - commit_granule_words: 8192.
 - virtual_space_node_default_size: 8388608.
 - enlarge_chunks_in_place: 1.
 - use_allocation_guard: 0.


Internal statistics:

num_allocs_failed_limit: 0.
num_arena_births: 278.
num_arena_deaths: 0.
num_vsnodes_births: 2.
num_vsnodes_deaths: 0.
num_space_committed: 141.
num_space_uncommitted: 0.
num_chunks_returned_to_freelist: 0.
num_chunks_taken_from_freelist: 400.
num_chunk_merges: 0.
num_chunk_splits: 253.
num_chunks_enlarged: 135.
num_inconsistent_stats: 0.

CodeCache: size=49152Kb used=5370Kb max_used=5370Kb free=43781Kb
 bounds [0x000001d12f1c0000, 0x000001d12f700000, 0x000001d1321c0000]
 total_blobs=2144, nmethods=1647, adapters=418, full_count=0
Compilation: enabled, stopped_count=0, restarted_count=0

Compilation events (20 events):
Event: 1.778 Thread 0x000001d137488a10 nmethod 1619 0x000001d12f6f0910 code [0x000001d12f6f0ae0, 0x000001d12f6f0f20]
Event: 1.779 Thread 0x000001d1373d4de0 1620       1       java.util.Hashtable$Entry::<init> (26 bytes)
Event: 1.779 Thread 0x000001d1373d4de0 nmethod 1620 0x000001d12f6f1110 code [0x000001d12f6f12c0, 0x000001d12f6f1498]
Event: 1.779 Thread 0x000001d17d2d0770 1621       1       sun.security.util.SignatureFileVerifier::updateSigners (132 bytes)
Event: 1.780 Thread 0x000001d1373d4de0 1622       1       sun.security.util.SignatureFileVerifier::matches (89 bytes)
Event: 1.780 Thread 0x000001d17d2d0770 nmethod 1621 0x000001d12f6f1510 code [0x000001d12f6f1740, 0x000001d12f6f1e38]
Event: 1.781 Thread 0x000001d1373d4de0 nmethod 1622 0x000001d12f6f2290 code [0x000001d12f6f24a0, 0x000001d12f6f2a18]
Event: 1.788 Thread 0x000001d17d2d00d0 1623       1       java.security.Provider$ServiceKey::<init> (39 bytes)
Event: 1.788 Thread 0x000001d1373d4de0 1624       1       java.util.Collections$EmptyIterator::hasNext (2 bytes)
Event: 1.788 Thread 0x000001d1373d4de0 nmethod 1624 0x000001d12f6f2e90 code [0x000001d12f6f3020, 0x000001d12f6f30e8]
Event: 1.788 Thread 0x000001d17d2d00d0 nmethod 1623 0x000001d12f6f3190 code [0x000001d12f6f3360, 0x000001d12f6f3608]
Event: 1.789 Thread 0x000001d17d2d00d0 1625       1       java.security.Provider$UString::toString (5 bytes)
Event: 1.789 Thread 0x000001d17d2d00d0 nmethod 1625 0x000001d12f6f3710 code [0x000001d12f6f38a0, 0x000001d12f6f3968]
Event: 1.789 Thread 0x000001d137488a10 1626       1       java.security.Provider$Service::getClassName (5 bytes)
Event: 1.789 Thread 0x000001d137488a10 nmethod 1626 0x000001d12f6f3a10 code [0x000001d12f6f3ba0, 0x000001d12f6f3c68]
Event: 1.792 Thread 0x000001d17d2d0770 1627       1       java.lang.StringBuilder::append (9 bytes)
Event: 1.793 Thread 0x000001d17d2d0770 nmethod 1627 0x000001d12f6f3d10 code [0x000001d12f6f3ec0, 0x000001d12f6f4008]
Event: 1.803 Thread 0x000001d137488a10 1628       1       sun.net.www.protocol.file.Handler::parseURL (18 bytes)
Event: 1.803 Thread 0x000001d137488a10 nmethod 1628 0x000001d12f6f4110 code [0x000001d12f6f42c0, 0x000001d12f6f4410]
Event: 1.805 Thread 0x000001d17d2d0770 1629       1       java.net.URLStreamHandler::parseURL (1124 bytes)

GC Heap History (2 events):
Event: 1.506 GC heap before
{Heap before GC invocations=0 (full 0):
 garbage-first heap   total 126976K, used 24576K [0x0000000084400000, 0x0000000100000000)
  region size 1024K, 23 young (23552K), 0 survivors (0K)
 Metaspace       used 6574K, committed 6848K, reserved 1114112K
  class space    used 808K, committed 896K, reserved 1048576K
}
Event: 1.521 GC heap after
{Heap after GC invocations=1 (full 0):
 garbage-first heap   total 126976K, used 7881K [0x0000000084400000, 0x0000000100000000)
  region size 1024K, 3 young (3072K), 3 survivors (3072K)
 Metaspace       used 6574K, committed 6848K, reserved 1114112K
  class space    used 808K, committed 896K, reserved 1048576K
}

Dll operation events (9 events):
Event: 0.013 Loaded shared library C:\Users\NEHA\.p2\pool\plugins\org.eclipse.justj.openjdk.hotspot.jre.full.win32.x86_64_21.0.9.v20251105-0741\jre\bin\java.dll
Event: 0.087 Loaded shared library C:\Users\NEHA\.p2\pool\plugins\org.eclipse.justj.openjdk.hotspot.jre.full.win32.x86_64_21.0.9.v20251105-0741\jre\bin\zip.dll
Event: 0.330 Loaded shared library C:\Users\NEHA\.p2\pool\plugins\org.eclipse.justj.openjdk.hotspot.jre.full.win32.x86_64_21.0.9.v20251105-0741\jre\bin\jimage.dll
Event: 0.364 Loaded shared library C:\Users\NEHA\.p2\pool\plugins\org.eclipse.justj.openjdk.hotspot.jre.full.win32.x86_64_21.0.9.v20251105-0741\jre\bin\net.dll
Event: 0.371 Loaded shared library C:\Users\NEHA\.p2\pool\plugins\org.eclipse.justj.openjdk.hotspot.jre.full.win32.x86_64_21.0.9.v20251105-0741\jre\bin\nio.dll
Event: 0.377 Loaded shared library C:\Users\NEHA\.p2\pool\plugins\org.eclipse.justj.openjdk.hotspot.jre.full.win32.x86_64_21.0.9.v20251105-0741\jre\bin\zip.dll
Event: 0.540 Loaded shared library C:\Users\NEHA\.p2\pool\plugins\org.eclipse.justj.openjdk.hotspot.jre.full.win32.x86_64_21.0.9.v20251105-0741\jre\bin\management.dll
Event: 0.565 Loaded shared library C:\Users\NEHA\.p2\pool\plugins\org.eclipse.justj.openjdk.hotspot.jre.full.win32.x86_64_21.0.9.v20251105-0741\jre\bin\management_ext.dll
Event: 1.100 Loaded shared library C:\Users\NEHA\.p2\pool\plugins\org.eclipse.justj.openjdk.hotspot.jre.full.win32.x86_64_21.0.9.v20251105-0741\jre\bin\extnet.dll

Deoptimization events (0 events):
No events

Classes loaded (20 events):
Event: 1.742 Loading class java/security/interfaces/ECKey
Event: 1.742 Loading class java/security/interfaces/ECKey done
Event: 1.742 Loading class java/security/interfaces/XECKey
Event: 1.742 Loading class java/security/interfaces/XECKey done
Event: 1.742 Loading class sun/security/util/KeyUtil
Event: 1.742 Loading class sun/security/util/KeyUtil done
Event: 1.742 Loading class sun/security/util/Length
Event: 1.742 Loading class sun/security/util/Length done
Event: 1.742 Loading class javax/crypto/SecretKey
Event: 1.742 Loading class javax/crypto/SecretKey done
Event: 1.768 Loading class java/util/Base64
Event: 1.768 Loading class java/util/Base64 done
Event: 1.768 Loading class java/util/Base64$Decoder
Event: 1.768 Loading class java/util/Base64$Decoder done
Event: 1.769 Loading class java/util/Base64$Encoder
Event: 1.769 Loading class java/util/Base64$Encoder done
Event: 1.787 Loading class java/util/jar/JarVerifier$VerifierStream
Event: 1.787 Loading class java/util/jar/JarVerifier$VerifierStream done
Event: 1.787 Loading class sun/security/util/ManifestEntryVerifier$SunProviderHolder
Event: 1.787 Loading class sun/security/util/ManifestEntryVerifier$SunProviderHolder done

Classes unloaded (0 events):
No events

Classes redefined (0 events):
No events

Internal exceptions (20 events):
Event: 1.019 Thread 0x000001d12b82f440 Exception <a 'java/lang/NoSuchMethodError'{0x000000008b087a50}: 'java.lang.Object java.lang.invoke.DirectMethodHandle$Holder.invokeStaticInit(java.lang.Object, int, int, int, int)'> (0x000000008b087a50) 
thrown [s\src\hotspot\share\interpreter\linkResolver.cpp, line 773]
Event: 1.061 Thread 0x000001d12b82f440 Exception <a 'java/lang/NoSuchMethodError'{0x000000008b0dfa70}: 'java.lang.Object java.lang.invoke.DirectMethodHandle$Holder.invokeStaticInit(java.lang.Object, java.lang.Object, int, int, int, int)'> (0x000000008b0dfa70) 
thrown [s\src\hotspot\share\interpreter\linkResolver.cpp, line 773]
Event: 1.084 Thread 0x000001d12b82f440 Exception <a 'java/lang/ClassNotFoundException'{0x000000008b0fa708}: javax/management/remote/rmi/RMIServerImpl_Skel> (0x000000008b0fa708) 
thrown [s\src\hotspot\share\classfile\systemDictionary.cpp, line 312]
Event: 1.111 Thread 0x000001d12b82f440 Exception <a 'java/lang/NoSuchMethodError'{0x000000008af1e410}: 'long java.lang.invoke.DirectMethodHandle$Holder.invokeSpecial(java.lang.Object, java.lang.Object)'> (0x000000008af1e410) 
thrown [s\src\hotspot\share\interpreter\linkResolver.cpp, line 773]
Event: 1.112 Thread 0x000001d12b82f440 Exception <a 'java/lang/NoSuchMethodError'{0x000000008af21af8}: 'long java.lang.invoke.Invokers$Holder.invokeExact_MT(java.lang.Object, java.lang.Object)'> (0x000000008af21af8) 
thrown [s\src\hotspot\share\interpreter\linkResolver.cpp, line 773]
Event: 1.127 Thread 0x000001d12b82f440 Exception <a 'java/lang/NoSuchMethodError'{0x000000008af3b688}: 'void java.lang.invoke.DirectMethodHandle$Holder.invokeSpecial(java.lang.Object, java.lang.Object, java.lang.Object)'> (0x000000008af3b688) 
thrown [s\src\hotspot\share\interpreter\linkResolver.cpp, line 773]
Event: 1.160 Thread 0x000001d12b82f440 Exception <a 'java/lang/ClassNotFoundException'{0x000000008ae6d8e0}: jdk/internal/agent/resources/spi/agentProvider> (0x000000008ae6d8e0) 
thrown [s\src\hotspot\share\classfile\systemDictionary.cpp, line 312]
Event: 1.316 Thread 0x000001d12b82f440 Exception <a 'java/lang/NoSuchMethodError'{0x000000008ab45228}: 'java.lang.Object java.lang.invoke.DirectMethodHandle$Holder.invokeSpecial(java.lang.Object, java.lang.Object, java.lang.Object, long, java.lang.Object)'> (0x000000008ab45228) 
thrown [s\src\hotspot\share\interpreter\linkResolver.cpp, line 773]
Event: 1.320 Thread 0x000001d12b82f440 Exception <a 'java/lang/NoSuchMethodError'{0x000000008ab48b98}: 'java.lang.Object java.lang.invoke.Invokers$Holder.linkToTargetMethod(java.lang.Object, long, java.lang.Object, java.lang.Object)'> (0x000000008ab48b98) 
thrown [s\src\hotspot\share\interpreter\linkResolver.cpp, line 773]
Event: 1.451 Thread 0x000001d12b82f440 Exception <a 'java/lang/NoSuchMethodError'{0x000000008a975658}: 'void java.lang.invoke.DirectMethodHandle$Holder.invokeStatic(java.lang.Object, java.lang.Object, java.lang.Object, java.lang.Object)'> (0x000000008a975658) 
thrown [s\src\hotspot\share\interpreter\linkResolver.cpp, line 773]
Event: 1.552 Thread 0x000001d12b82f440 Exception <a 'java/lang/NoSuchMethodError'{0x000000008be6d858}: 'int java.lang.invoke.DirectMethodHandle$Holder.invokeStaticInit(java.lang.Object, java.lang.Object)'> (0x000000008be6d858) 
thrown [s\src\hotspot\share\interpreter\linkResolver.cpp, line 773]
Event: 1.572 Thread 0x000001d17d548340 Exception <a 'java/lang/NoSuchMethodError'{0x000000008bc12fa8}: static [B.<clinit>()V> (0x000000008bc12fa8) 
thrown [s\src\hotspot\share\prims\jni.cpp, line 1111]
Event: 1.574 Thread 0x000001d17d548340 Exception <a 'java/lang/NoSuchMethodError'{0x000000008bc14be0}: 'java.lang.Object java.lang.invoke.DirectMethodHandle$Holder.invokeInterface(java.lang.Object, java.lang.Object, java.lang.Object)'> (0x000000008bc14be0) 
thrown [s\src\hotspot\share\interpreter\linkResolver.cpp, line 773]
Event: 1.585 Thread 0x000001d17d548340 Exception <a 'java/lang/ClassNotFoundException'{0x000000008bc339f8}: javax/management/remote/rmi/RMIConnectionImpl_Skel> (0x000000008bc339f8) 
thrown [s\src\hotspot\share\classfile\systemDictionary.cpp, line 312]
Event: 1.586 Thread 0x000001d17d548db0 Exception <a 'java/lang/NoSuchMethodError'{0x000000008bce8270}: 'java.lang.Object java.lang.invoke.Invokers$Holder.linkToTargetMethod(java.lang.Object, long, java.lang.Object)'> (0x000000008bce8270) 
thrown [s\src\hotspot\share\interpreter\linkResolver.cpp, line 773]
Event: 1.591 Thread 0x000001d17d548340 Exception <a 'java/lang/NoSuchMethodError'{0x000000008bb71960}: 'java.lang.Object java.lang.invoke.DirectMethodHandle$Holder.invokeInterface(java.lang.Object, java.lang.Object)'> (0x000000008bb71960) 
thrown [s\src\hotspot\share\interpreter\linkResolver.cpp, line 773]
Event: 1.598 Thread 0x000001d17d548340 Exception <a 'java/lang/NoSuchMethodError'{0x000000008b910048}: 'java.lang.Object java.lang.invoke.DirectMethodHandle$Holder.invokeInterface(java.lang.Object, java.lang.Object, java.lang.Object, java.lang.Object, java.lang.Object)'> (0x000000008b910048) 
thrown [s\src\hotspot\share\interpreter\linkResolver.cpp, line 773]
Event: 1.599 Thread 0x000001d17d548340 Exception <a 'java/lang/NoSuchMethodError'{0x000000008b9e89d0}: 'java.lang.Object java.lang.invoke.Invokers$Holder.invokeExact_MT(java.lang.Object, java.lang.Object, java.lang.Object, java.lang.Object, java.lang.Object, java.lang.Object)'> (0x000000008b9e89d0) 
thrown [s\src\hotspot\share\interpreter\linkResolver.cpp, line 773]
Event: 1.609 Thread 0x000001d17d548340 Exception <a 'java/lang/NoSuchMethodError'{0x000000008b728378}: static [Ljava/lang/StackTraceElement;.<clinit>()V> (0x000000008b728378) 
thrown [s\src\hotspot\share\prims\jni.cpp, line 1111]
Event: 1.646 Thread 0x000001d12b82f440 Exception <a 'java/lang/NoSuchMethodError'{0x000000008b43ae80}: 'void java.lang.invoke.DirectMethodHandle$Holder.invokeVirtual(java.lang.Object, java.lang.Object)'> (0x000000008b43ae80) 
thrown [s\src\hotspot\share\interpreter\linkResolver.cpp, line 773]

ZGC Phase Switch (0 events):
No events

VM Operations (20 events):
Event: 1.082 Executing VM operation: HandshakeAllThreads (Deoptimize)
Event: 1.082 Executing VM operation: HandshakeAllThreads (Deoptimize) done
Event: 1.082 Executing VM operation: Cleanup
Event: 1.082 Executing VM operation: Cleanup done
Event: 1.084 Executing VM operation: HandshakeAllThreads (Deoptimize)
Event: 1.084 Executing VM operation: HandshakeAllThreads (Deoptimize) done
Event: 1.165 Executing VM operation: HandshakeAllThreads (Deoptimize)
Event: 1.165 Executing VM operation: HandshakeAllThreads (Deoptimize) done
Event: 1.238 Executing VM operation: HandshakeAllThreads (Deoptimize)
Event: 1.238 Executing VM operation: HandshakeAllThreads (Deoptimize) done
Event: 1.244 Executing VM operation: HandshakeAllThreads (Deoptimize)
Event: 1.244 Executing VM operation: HandshakeAllThreads (Deoptimize) done
Event: 1.245 Executing VM operation: HandshakeAllThreads (Deoptimize)
Event: 1.245 Executing VM operation: HandshakeAllThreads (Deoptimize) done
Event: 1.489 Executing VM operation: G1CollectForAllocation (G1 Evacuation Pause)
Event: 1.521 Executing VM operation: G1CollectForAllocation (G1 Evacuation Pause) done
Event: 1.584 Executing VM operation: HandshakeAllThreads (Deoptimize)
Event: 1.584 Executing VM operation: HandshakeAllThreads (Deoptimize) done
Event: 1.634 Executing VM operation: HandshakeAllThreads (Deoptimize)
Event: 1.634 Executing VM operation: HandshakeAllThreads (Deoptimize) done

Memory protections (0 events):
No events

Nmethod flushes (0 events):
No events

Events (20 events):
Event: 0.048 Thread 0x000001d12b82f440 Thread added: 0x000001d12b82f440
Event: 0.099 Thread 0x000001d12b82f440 Thread added: 0x000001d1373c6d70
Event: 0.102 Thread 0x000001d12b82f440 Thread added: 0x000001d1373cae70
Event: 0.104 Thread 0x000001d12b82f440 Thread added: 0x000001d1373cd470
Event: 0.104 Thread 0x000001d12b82f440 Thread added: 0x000001d1373cfed0
Event: 0.105 Thread 0x000001d12b82f440 Thread added: 0x000001d1373d0920
Event: 0.105 Thread 0x000001d12b82f440 Thread added: 0x000001d1373d2380
Event: 0.105 Thread 0x000001d12b82f440 Thread added: 0x000001d1373d4de0
Event: 0.306 Thread 0x000001d1373d4de0 Thread added: 0x000001d137488a10
Event: 0.321 Thread 0x000001d12b82f440 Thread added: 0x000001d137506390
Event: 0.322 Thread 0x000001d12b82f440 Thread added: 0x000001d137512a10
Event: 0.816 Thread 0x000001d137488a10 Thread added: 0x000001d17d2d00d0
Event: 0.817 Thread 0x000001d137488a10 Thread added: 0x000001d17d2d0770
Event: 1.104 Thread 0x000001d12b82f440 Thread added: 0x000001d17d40abe0
Event: 1.135 Thread 0x000001d12b82f440 Thread added: 0x000001d17d410950
Event: 1.176 Thread 0x000001d12b82f440 Thread added: 0x000001d17d43c990
Event: 1.461 Thread 0x000001d17d410950 Thread added: 0x000001d17d50cbb0
Event: 1.542 Thread 0x000001d17d50cbb0 Thread added: 0x000001d17d5b7da0
Event: 1.556 Thread 0x000001d17d40abe0 Thread added: 0x000001d17d548340
Event: 1.581 Thread 0x000001d17d548340 Thread added: 0x000001d17d548db0


Dynamic libraries:
0x00007ff7d1460000 - 0x00007ff7d146e000 	C:\Users\NEHA\.p2\pool\plugins\org.eclipse.justj.openjdk.hotspot.jre.full.win32.x86_64_21.0.9.v20251105-0741\jre\bin\javaw.exe
0x00007ff8f6c60000 - 0x00007ff8f6ec6000 	C:\WINDOWS\SYSTEM32\ntdll.dll
0x00007ff8f6200000 - 0x00007ff8f62c9000 	C:\WINDOWS\System32\KERNEL32.DLL
0x00007ff8f4400000 - 0x00007ff8f47ff000 	C:\WINDOWS\System32\KERNELBASE.dll
0x00007ff8f41c0000 - 0x00007ff8f430c000 	C:\WINDOWS\System32\ucrtbase.dll
0x00007ff8de780000 - 0x00007ff8de798000 	C:\Users\NEHA\.p2\pool\plugins\org.eclipse.justj.openjdk.hotspot.jre.full.win32.x86_64_21.0.9.v20251105-0741\jre\bin\jli.dll
0x00007ff8f5930000 - 0x00007ff8f5af6000 	C:\WINDOWS\System32\USER32.dll
0x00007ff8f43d0000 - 0x00007ff8f43f7000 	C:\WINDOWS\System32\win32u.dll
0x00007ff8f6bf0000 - 0x00007ff8f6c1b000 	C:\WINDOWS\System32\GDI32.dll
0x00007ff8f4090000 - 0x00007ff8f41b9000 	C:\WINDOWS\System32\gdi32full.dll
0x00007ff8f4320000 - 0x00007ff8f43c3000 	C:\WINDOWS\System32\msvcp_win.dll
0x00007ff8ae4b0000 - 0x00007ff8ae4ce000 	C:\Users\NEHA\.p2\pool\plugins\org.eclipse.justj.openjdk.hotspot.jre.full.win32.x86_64_21.0.9.v20251105-0741\jre\bin\VCRUNTIME140.dll
0x00007ff8d85c0000 - 0x00007ff8d8851000 	C:\WINDOWS\WinSxS\amd64_microsoft.windows.common-controls_6595b64144ccf1df_6.0.26100.8972_none_3e0da176e32f9d4b\COMCTL32.dll
0x00007ff8f4de0000 - 0x00007ff8f4e89000 	C:\WINDOWS\System32\msvcrt.dll
0x00007ff8f6bb0000 - 0x00007ff8f6be2000 	C:\WINDOWS\System32\IMM32.DLL
0x00007ff8df450000 - 0x00007ff8df45c000 	C:\Users\NEHA\.p2\pool\plugins\org.eclipse.justj.openjdk.hotspot.jre.full.win32.x86_64_21.0.9.v20251105-0741\jre\bin\vcruntime140_1.dll
0x00007ff8739f0000 - 0x00007ff873a7d000 	C:\Users\NEHA\.p2\pool\plugins\org.eclipse.justj.openjdk.hotspot.jre.full.win32.x86_64_21.0.9.v20251105-0741\jre\bin\msvcp140.dll
0x00007ff83f760000 - 0x00007ff840500000 	C:\Users\NEHA\.p2\pool\plugins\org.eclipse.justj.openjdk.hotspot.jre.full.win32.x86_64_21.0.9.v20251105-0741\jre\bin\server\jvm.dll
0x00007ff8f4f90000 - 0x00007ff8f504c000 	C:\WINDOWS\System32\ADVAPI32.dll
0x00007ff8f62d0000 - 0x00007ff8f6379000 	C:\WINDOWS\System32\sechost.dll
0x00007ff8f5b10000 - 0x00007ff8f5c28000 	C:\WINDOWS\System32\RPCRT4.dll
0x00007ff8f57f0000 - 0x00007ff8f5872000 	C:\WINDOWS\System32\WS2_32.dll
0x00007ff8f3cd0000 - 0x00007ff8f3d2e000 	C:\WINDOWS\SYSTEM32\POWRPROF.dll
0x00007ff8e1630000 - 0x00007ff8e163b000 	C:\WINDOWS\SYSTEM32\VERSION.dll
0x00007ff8e6180000 - 0x00007ff8e61b6000 	C:\WINDOWS\SYSTEM32\WINMM.dll
0x00007ff8f3cb0000 - 0x00007ff8f3cc5000 	C:\WINDOWS\SYSTEM32\UMPDC.dll
0x00007ff8f2b60000 - 0x00007ff8f2b7b000 	C:\WINDOWS\SYSTEM32\kernel.appcore.dll
0x00007ff8e97d0000 - 0x00007ff8e97da000 	C:\Users\NEHA\.p2\pool\plugins\org.eclipse.justj.openjdk.hotspot.jre.full.win32.x86_64_21.0.9.v20251105-0741\jre\bin\jimage.dll
0x00007ff8f1360000 - 0x00007ff8f15a2000 	C:\WINDOWS\SYSTEM32\DBGHELP.DLL
0x00007ff8f4a50000 - 0x00007ff8f4dd5000 	C:\WINDOWS\System32\combase.dll
0x00007ff8f5c30000 - 0x00007ff8f5d09000 	C:\WINDOWS\System32\OLEAUT32.dll
0x00007ff8d06e0000 - 0x00007ff8d071b000 	C:\WINDOWS\SYSTEM32\dbgcore.DLL
0x00007ff8f48d0000 - 0x00007ff8f497c000 	C:\WINDOWS\System32\bcryptPrimitives.dll
0x00007ff8e97b0000 - 0x00007ff8e97d0000 	C:\Users\NEHA\.p2\pool\plugins\org.eclipse.justj.openjdk.hotspot.jre.full.win32.x86_64_21.0.9.v20251105-0741\jre\bin\java.dll
0x00007ff8f5060000 - 0x00007ff8f57e8000 	C:\WINDOWS\System32\SHELL32.dll
0x00007ff8f1940000 - 0x00007ff8f21db000 	C:\WINDOWS\SYSTEM32\windows.storage.dll
0x00007ff8f4e90000 - 0x00007ff8f4f89000 	C:\WINDOWS\System32\SHCORE.dll
0x00007ff8f6190000 - 0x00007ff8f61f6000 	C:\WINDOWS\System32\shlwapi.dll
0x00007ff8f3d90000 - 0x00007ff8f3db9000 	C:\WINDOWS\SYSTEM32\profapi.dll
0x00007ff8df3e0000 - 0x00007ff8df3f8000 	C:\Users\NEHA\.p2\pool\plugins\org.eclipse.justj.openjdk.hotspot.jre.full.win32.x86_64_21.0.9.v20251105-0741\jre\bin\zip.dll
0x00007ff8e8360000 - 0x00007ff8e8370000 	C:\Users\NEHA\.p2\pool\plugins\org.eclipse.justj.openjdk.hotspot.jre.full.win32.x86_64_21.0.9.v20251105-0741\jre\bin\net.dll
0x00007ff8e9500000 - 0x00007ff8e9627000 	C:\WINDOWS\SYSTEM32\WINHTTP.dll
0x00007ff8f3110000 - 0x00007ff8f317c000 	C:\WINDOWS\system32\mswsock.dll
0x00007ff8df2e0000 - 0x00007ff8df2f6000 	C:\Users\NEHA\.p2\pool\plugins\org.eclipse.justj.openjdk.hotspot.jre.full.win32.x86_64_21.0.9.v20251105-0741\jre\bin\nio.dll
0x00007ff8de720000 - 0x00007ff8de72a000 	C:\Users\NEHA\.p2\pool\plugins\org.eclipse.justj.openjdk.hotspot.jre.full.win32.x86_64_21.0.9.v20251105-0741\jre\bin\management.dll
0x00007ff8de690000 - 0x00007ff8de69c000 	C:\Users\NEHA\.p2\pool\plugins\org.eclipse.justj.openjdk.hotspot.jre.full.win32.x86_64_21.0.9.v20251105-0741\jre\bin\management_ext.dll
0x00007ff8f5b00000 - 0x00007ff8f5b08000 	C:\WINDOWS\System32\PSAPI.DLL
0x00007ff8c7bb0000 - 0x00007ff8c7bc8000 	C:\WINDOWS\system32\napinsp.dll
0x00007ff8c5f80000 - 0x00007ff8c5f96000 	C:\WINDOWS\system32\wshbth.dll
0x00007ff8c4db0000 - 0x00007ff8c4dd2000 	C:\WINDOWS\system32\nlansp_c.dll
0x00007ff8f2620000 - 0x00007ff8f2778000 	C:\WINDOWS\SYSTEM32\DNSAPI.dll
0x00007ff8f2ea0000 - 0x00007ff8f2ead000 	C:\WINDOWS\SYSTEM32\DSPARSE.dll
0x00007ff8f2580000 - 0x00007ff8f25b3000 	C:\WINDOWS\SYSTEM32\IPHLPAPI.DLL
0x00007ff8f66f0000 - 0x00007ff8f66fa000 	C:\WINDOWS\System32\NSI.dll
0x00007ff8c4d90000 - 0x00007ff8c4da3000 	C:\WINDOWS\System32\winrnr.dll
0x00007ff8e6170000 - 0x00007ff8e617b000 	C:\Windows\System32\rasadhlp.dll
0x00007ff8ea230000 - 0x00007ff8ea2b6000 	C:\WINDOWS\System32\fwpuclnt.dll
0x00007ff8f3400000 - 0x00007ff8f341b000 	C:\WINDOWS\SYSTEM32\CRYPTSP.dll
0x00007ff8f2ac0000 - 0x00007ff8f2af9000 	C:\WINDOWS\system32\rsaenh.dll
0x00007ff8f31c0000 - 0x00007ff8f31f2000 	C:\WINDOWS\SYSTEM32\USERENV.dll
0x00007ff8f3d60000 - 0x00007ff8f3d8a000 	C:\WINDOWS\SYSTEM32\bcrypt.dll
0x00007ff8f3420000 - 0x00007ff8f342c000 	C:\WINDOWS\SYSTEM32\CRYPTBASE.dll
0x00007ff8df2d0000 - 0x00007ff8df2d9000 	C:\Users\NEHA\.p2\pool\plugins\org.eclipse.justj.openjdk.hotspot.jre.full.win32.x86_64_21.0.9.v20251105-0741\jre\bin\extnet.dll

JVMTI agents: none

dbghelp: loaded successfully - version: 4.0.5 - missing functions: none
symbol engine: initialized successfully - sym options: 0x614 - pdb path: .;C:\Users\NEHA\.p2\pool\plugins\org.eclipse.justj.openjdk.hotspot.jre.full.win32.x86_64_21.0.9.v20251105-0741\jre\bin;C:\WINDOWS\SYSTEM32;C:\WINDOWS\WinSxS\amd64_microsoft.windows.common-controls_6595b64144ccf1df_6.0.26100.8972_none_3e0da176e32f9d4b;C:\Users\NEHA\.p2\pool\plugins\org.eclipse.justj.openjdk.hotspot.jre.full.win32.x86_64_21.0.9.v20251105-0741\jre\bin\server

VM Arguments:
jvm_args: -Dcom.sun.management.jmxremote -Dcom.sun.management.jmxremote.port=55899 -Dcom.sun.management.jmxremote.authenticate=false -Dcom.sun.management.jmxremote.ssl=false -Djava.rmi.server.hostname=localhost -Dspring.jmx.enabled=true -Dmanagement.endpoints.jmx.exposure.include=* -Dspring.application.admin.enabled=true -Dspring.output.ansi.enabled=always -XX:TieredStopAtLevel=1 -Dspring.boot.project.name=Api-gateway -Dfile.encoding=UTF-8 -Dstdout.encoding=UTF-8 -Dstderr.encoding=UTF-8 -XX:+ShowCodeDetailsInExceptionMessages 
java_command: com.example.demo.ApiGatewayApplication
java_class_path (initial): C:\Users\NEHA\eclipse-workspace1\Api-gateway\target\classes;C:\Users\NEHA\.m2\repository\org\springframework\cloud\spring-cloud-starter-gateway-server-webflux\4.3.5\spring-cloud-starter-gateway-server-webflux-4.3.5.jar;C:\Users\NEHA\.m2\repository\org\springframework\cloud\spring-cloud-starter\4.3.3\spring-cloud-starter-4.3.3.jar;C:\Users\NEHA\.m2\repository\org\springframework\cloud\spring-cloud-context\4.3.3\spring-cloud-context-4.3.3.jar;C:\Users\NEHA\.m2\repository\org\springframework\security\spring-security-crypto\6.5.1\spring-security-crypto-6.5.1.jar;C:\Users\NEHA\.m2\repository\org\springframework\cloud\spring-cloud-commons\4.3.3\spring-cloud-commons-4.3.3.jar;C:\Users\NEHA\.m2\repository\org\bouncycastle\bcprov-jdk18on\1.80.2\bcprov-jdk18on-1.80.2.jar;C:\Users\NEHA\.m2\repository\org\springframework\cloud\spring-cloud-gateway-server-webflux\4.3.5\spring-cloud-gateway-server-webflux-4.3.5.jar;C:\Users\NEHA\.m2\repository\org\springframework\cloud\spring-cloud-gateway-server\4.3.5\spring-cloud-gateway-server-4.3.5.jar;C:\Users\NEHA\.m2\repository\org\springframework\boot\spring-boot-starter-validation\3.5.3\spring-boot-starter-validation-3.5.3.jar;C:\Users\NEHA\.m2\repository\org\apache\tomcat\embed\tomcat-embed-el\10.1.42\tomcat-embed-el-10.1.42.jar;C:\Users\NEHA\.m2\repository\org\hibernate\validator\hibernate-validator\8.0.2.Final\hibernate-validator-8.0.2.Final.jar;C:\Users\NEHA\.m2\repository\jakarta\validation\jakarta.validation-api\3.0.2\jakarta.validation-api-3.0.2.jar;C:\Users\NEHA\.m2\repository\org\jboss\logging\jboss-logging\3.6.1.Final\jboss-logging-3.6.1.Final.jar;C:\Users\NEHA\.m2\repository\com\fasterxml\classmate\1.7.0\classmate-1.7.0.jar;C:\Users\NEHA\.m2\repository\io\projectreactor\addons\reactor-extra\3.5.2\reactor-extra-3.5.2.jar;C:\Users\NEHA\.m2\repository\org\springframework\boot\spring-boot-starter-webflux\3.5.3\spring-boot-starter-webflux-3.5.3.jar;C:\Users\NEHA\.m2\repository\org\springframework\boot\spring-boot-starter-json\3.5.3\spring-boot-starter-json-3.5.3.jar;C:\Users\NEHA\.m2\repository\com\fasterxml\jackson\datatype\jackson-datatype-jdk8\2.19.1\jackson-datatype-jdk8-2.19.1.jar;C:\Users\NEHA\.m2\repository\com\fasterxml\jackson\module\jackson-module-parameter-names\2.19.1\jackson-module-parameter-names-2.19.1.jar;C:\Users\NEHA\.m2\repository\org\springframework\boot\spring-boot-starter-reactor-netty\3.5.3\spring-boot-starter-reactor-netty-3.5.3.jar;C:\Users\NEHA\.m2\repository\io\projectreactor\netty\reactor-netty-http\1.2.7\reactor-netty-http-1.2.7.jar;C:\Users\NEHA\.m2\repository\io\netty\netty-codec-http\4.1.122.Final\netty-codec-http-4.1.122.Final.jar;C:\Users\NEHA\.m2\repository\io\netty\netty-common\4.1.122.Final\netty-common-4.1.122.Final.jar;C:\Users\NEHA\.m2\repository\io\netty\netty-buffer\4.1.122.Final\netty-buffer-4.1.122.Final.jar;C:\Users\NEHA\.m2\repository\io\netty\netty-transport\4.1.122.Final\netty-transport-4.1.122.Final.jar;C:\Users\NEHA\.m2\repository\io\netty\netty-codec\4.1.122.Final\netty-codec-4.1.122.Final.jar;C:\Users\NEHA\.m2\repository\io\netty\netty-handler\4.1.122.Final\netty-handler-4.1.122.Final.jar;C:\Users\NEHA\.m2\repository\io\netty\netty-codec-http2\4.1.122.Final\netty-codec-http2-4.1.122.Final.jar;C:\Users\NEHA\.m2\repository\io\netty\netty-resolver-dns\4.1.122.Final\netty-resolver-dns-4.1.122.Final.jar;C:\Users\NEHA\.m2\repository\io\netty\netty-resolver\4.1.122.Final\netty-resolver-4.1.122.Final.jar;C:\Users\NEHA\.m2\repository\io\netty\netty-codec-dns\4.1.122.Final\netty-codec-dns-4.1.122.Final.jar;C:\Users\NEHA\.m2\repository\io\netty\netty-resolver-dns-native-macos\4.1.122.Final\netty-resolver-dns-native-macos-4.1.122.Final-osx-x86_64.jar;C:\Users\NEHA\.m2\repository\io\netty\netty-resolver-dns-classes-macos\4.1.122.Final\netty-resolver-dns-classes-macos-4.1.122.Final.jar;C:\Users\NEHA\.m2\repository\io\netty\netty-transport-native-epoll\4.1.122.Final\netty-transport-native-epoll-4.1.122.Final-linux-x86_64.jar;C:\Users\NEHA\.m2\repository\io\netty\netty-transport-native-unix-common\4.1.122.Final\netty-transport-native-unix-common-4.1.122.Final.jar;C:\Users\NEHA\.m2\repository\io\netty\netty-transport-classes-epoll\4.1.122.Final\netty-transport-classes-epoll-4.1.122.Final.jar;C:\Users\NEHA\.m2\repository\io\projectreactor\netty\reactor-netty-core\1.2.7\reactor-netty-core-1.2.7.jar;C:\Users\NEHA\.m2\repository\io\netty\netty-handler-proxy\4.1.122.Final\netty-handler-proxy-4.1.122.Final.jar;C:\Users\NEHA\.m2\repository\io\netty\netty-codec-socks\4.1.122.Final\netty-codec-socks-4.1.122.Final.jar;C:\Users\NEHA\.m2\repository\org\springframework\spring-web\6.2.8\spring-web-6.2.8.jar;C:\Users\NEHA\.m2\repository\org\springframework\spring-beans\6.2.8\spring-beans-6.2.8.jar;C:\Users\NEHA\.m2\repository\org\springframework\spring-webflux\6.2.8\spring-webflux-6.2.8.jar;C:\Users\NEHA\.m2\repository\io\projectreactor\reactor-core\3.7.7\reactor-core-3.7.7.jar;C:\Users\NEHA\.m2\repository\org\reactivestreams\reactive-streams\1.0.4\reactive-streams-1.0.4.jar;C:\Users\NEHA\.m2\repository\org\springframework\boot\spring-boot-properties-migrator\3.5.3\spring-boot-properties-migrator-3.5.3.jar;C:\Users\NEHA\.m2\repository\org\springframework\boot\spring-boot\3.5.3\spring-boot-3.5.3.jar;C:\Users\NEHA\.m2\repository\org\springframework\spring-context\6.2.8\spring-context-6.2.8.jar;C:\Users\NEHA\.m2\repository\org\springframework\spring-aop\6.2.8\spring-aop-6.2.8.jar;C:\Users\NEHA\.m2\repository\org\springframework\spring-expression\6.2.8\spring-expression-6.2.8.jar;C:\Users\NEHA\.m2\repository\org\springframework\boot\spring-boot-configuration-metadata\3.5.3\spring-boot-configuration-metadata-3.5.3.jar;C:\Users\NEHA\.m2\repository\org\springframework\cloud\spring-cloud-starter-netflix-eureka-client\4.3.3\spring-cloud-starter-netflix-eureka-client-4.3.3.jar;C:\Users\NEHA\.m2\repository\org\springframework\cloud\spring-cloud-netflix-eureka-client\4.3.3\spring-cloud-netflix-eureka-client-4.3.3.jar;C:\Users\NEHA\.m2\repository\org\apache\httpcomponents\client5\httpclient5\5.5\httpclient5-5.5.jar;C:\Users\NEHA\.m2\repository\org\apache\httpcomponents\core5\httpcore5\5.3.4\httpcore5-5.3.4.jar;C:\Users\NEHA\.m2\repository\org\apache\httpcomponents\core5\httpcore5-h2\5.3.4\httpcore5-h2-5.3.4.jar;C:\Users\NEHA\.m2\repository\com\netflix\eureka\eureka-client\2.0.6\eureka-client-2.0.6.jar;C:\Users\NEHA\.m2\repository\com\thoughtworks\xstream\xstream\1.4.21\xstream-1.4.21.jar;C:\Users\NEHA\.m2\repository\io\github\x-stream\mxparser\1.2.2\mxparser-1.2.2.jar;C:\Users\NEHA\.m2\repository\xmlpull\xmlpull\1.1.3.1\xmlpull-1.1.3.1.jar;C:\Users\NEHA\.m2\repository\jakarta\ws\rs\jakarta.ws.rs-api\3.1.0\jakarta.ws.rs-api-3.1.0.jar;C:\Users\NEHA\.m2\repository\jakarta\inject\jakarta.inject-api\2.0.1\jakarta.inject-api-2.0.1.jar;C:\Users\NEHA\.m2\repository\jakarta\annotation\jakarta.annotation-api\2.1.1\jakarta.annotation-api-2.1.1.jar;C:\Users\NEHA\.m2\repository\com\netflix\spectator\spectator-api\1.7.3\spectator-api-1.7.3.jar;C:\Users\NEHA\.m2\repository\org\slf4j\slf4j-api\2.0.17\slf4j-api-2.0.17.jar;C:\Users\NEHA\.m2\repository\org\apache\httpcomponents\httpclient\4.5.3\httpclient-4.5.3.jar;C:\Users\NEHA\.m2\repository\org\apache\httpcomponents\httpcore\4.4.16\httpcore-4.4.16.jar;C:\Users\NEHA\.m2\repository\commons-codec\commons-codec\1.18.0\commons-codec-1.18.0.jar;C:\Users\NEHA\.m2\repository\com\fasterxml\jackson\core\jackson-annotations\2.19.1\jackson-annotations-2.19.1.jar;C:\Users\NEHA\.m2\repository\com\fasterxml\jackson\core\jackson-core\2.19.1\jackson-core-2.19.1.jar;C:\Users\NEHA\.m2\repository\com\fasterxml\jackson\core\jackson-databind\2.19.1\jackson-databind-2.19.1.jar;C:\Users\NEHA\.m2\repository\com\netflix\netflix-commons\netflix-eventbus\0.3.0\netflix-eventbus-0.3.0.jar;C:\Users\NEHA\.m2\repository\com\netflix\netflix-commons\netflix-infix\0.3.0\netflix-infix-0.3.0.jar;C:\Users\NEHA\.m2\repository\commons-jxpath\commons-jxpath\1.3\commons-jxpath-1.3.jar;C:\Users\NEHA\.m2\repository\joda-time\joda-time\2.3\joda-time-2.3.jar;C:\Users\NEHA\.m2\repository\org\antlr\antlr-runtime\3.4\antlr-runtime-3.4.jar;C:\Users\NEHA\.m2\repository\org\antlr\stringtemplate\3.2.1\stringtemplate-3.2.1.jar;C:\Users\NEHA\.m2\repository\antlr\antlr\2.7.7\antlr-2.7.7.jar;C:\Users\NEHA\.m2\repository\com\google\code\gson\gson\2.13.1\gson-2.13.1.jar;C:\Users\NEHA\.m2\repository\com\google\errorprone\error_prone_annotations\2.38.0\error_prone_annotations-2.38.0.jar;C:\Users\NEHA\.m2\repository\com\netflix\servo\servo-core\0.5.3\servo-core-0.5.3.jar;C:\Users\NEHA\.m2\repository\org\apache\commons\commons-math\2.2\commons-math-2.2.jar;C:\Users\NEHA\.m2\repository\javax\annotation\javax.annotation-api\1.2\javax.annotation-api-1.2.jar;C:\Users\NEHA\.m2\repository\org\codehaus\jettison\jettison\1.5.4\jettison-1.5.4.jar;C:\Users\NEHA\.m2\repository\org\springframework\cloud\spring-cloud-starter-loadbalancer\4.3.3\spring-cloud-starter-loadbalancer-4.3.3.jar;C:\Users\NEHA\.m2\repository\org\springframework\cloud\spring-cloud-loadbalancer\4.3.3\spring-cloud-loadbalancer-4.3.3.jar;C:\Users\NEHA\.m2\repository\org\springframework\boot\spring-boot-starter-cache\3.5.3\spring-boot-starter-cache-3.5.3.jar;C:\Users\NEHA\.m2\repository\org\springframework\spring-context-support\6.2.8\spring-context-support-6.2.8.jar;C:\Users\NEHA\.m2\repository\com\stoyanr\evictor\1.0.0\evictor-1.0.0.jar;C:\Users\NEHA\.m2\repository\org\springframework\boot\spring-boot-starter-actuator\3.5.3\spring-boot-starter-actuator-3.5.3.jar;C:\Users\NEHA\.m2\repository\org\springframework\boot\spring-boot-starter\3.5.3\spring-boot-starter-3.5.3.jar;C:\Users\NEHA\.m2\repository\org\springframework\boot\spring-boot-autoconfigure\3.5.3\spring-boot-autoconfigure-3.5.3.jar;C:\Users\NEHA\.m2\repository\org\springframework\boot\spring-boot-starter-logging\3.5.3\spring-boot-starter-logging-3.5.3.jar;C:\Users\NEHA\.m2\repository\ch\qos\logback\logback-classic\1.5.18\logback-classic-1.5.18.jar;C:\Users\NEHA\.m2\repository\ch\qos\logback\logback-core\1.5.18\logback-core-1.5.18.jar;C:\Users\NEHA\.m2\repository\org\apache\logging\log4j\log4j-to-slf4j\2.24.3\log4j-to-slf4j-2.24.3.jar;C:\Users\NEHA\.m2\repository\org\apache\logging\log4j\log4j-api\2.24.3\log4j-api-2.24.3.jar;C:\Users\NEHA\.m2\repository\org\slf4j\jul-to-slf4j\2.0.17\jul-to-slf4j-2.0.17.jar;C:\Users\NEHA\.m2\repository\org\yaml\snakeyaml\2.4\snakeyaml-2.4.jar;C:\Users\NEHA\.m2\repository\org\springframework\boot\spring-boot-actuator-autoconfigure\3.5.3\spring-boot-actuator-autoconfigure-3.5.3.jar;C:\Users\NEHA\.m2\repository\org\springframework\boot\spring-boot-actuator\3.5.3\spring-boot-actuator-3.5.3.jar;C:\Users\NEHA\.m2\repository\com\fasterxml\jackson\datatype\jackson-datatype-jsr310\2.19.1\jackson-datatype-jsr310-2.19.1.jar;C:\Users\NEHA\.m2\repository\io\micrometer\micrometer-observation\1.15.1\micrometer-observation-1.15.1.jar;C:\Users\NEHA\.m2\repository\io\micrometer\micrometer-commons\1.15.1\micrometer-commons-1.15.1.jar;C:\Users\NEHA\.m2\repository\io\micrometer\micrometer-jakarta9\1.15.1\micrometer-jakarta9-1.15.1.jar;C:\Users\NEHA\.m2\repository\io\micrometer\micrometer-core\1.15.1\micrometer-core-1.15.1.jar;C:\Users\NEHA\.m2\repository\org\hdrhistogram\HdrHistogram\2.2.2\HdrHistogram-2.2.2.jar;C:\Users\NEHA\.m2\repository\org\latencyutils\LatencyUtils\2.0.3\LatencyUtils-2.0.3.jar;C:\Users\NEHA\.m2\repository\com\vaadin\external\google\android-json\0.0.20131108.vaadin1\android-json-0.0.20131108.vaadin1.jar;C:\Users\NEHA\.m2\repository\org\springframework\spring-core\6.2.8\spring-core-6.2.8.jar;C:\Users\NEHA\.m2\repository\org\springframework\spring-jcl\6.2.8\spring-jcl-6.2.8.jar
Launcher Type: SUN_STANDARD

[Global flags]
     intx CICompilerCount                          = 4                                         {product} {ergonomic}
     uint ConcGCThreads                            = 2                                         {product} {ergonomic}
     uint G1ConcRefinementThreads                  = 8                                         {product} {ergonomic}
   size_t G1HeapRegionSize                         = 1048576                                   {product} {ergonomic}
    uintx GCDrainStackTargetSize                   = 64                                        {product} {ergonomic}
   size_t InitialHeapSize                          = 130023424                                 {product} {ergonomic}
     bool ManagementServer                         = true                                      {product} {command line}
   size_t MarkStackSize                            = 4194304                                   {product} {ergonomic}
   size_t MaxHeapSize                              = 2076180480                                {product} {ergonomic}
   size_t MaxNewSize                               = 1245708288                                {product} {ergonomic}
   size_t MinHeapDeltaBytes                        = 1048576                                   {product} {ergonomic}
   size_t MinHeapSize                              = 8388608                                   {product} {ergonomic}
    uintx NonNMethodCodeHeapSize                   = 4096                                   {pd product} {ergonomic}
    uintx NonProfiledCodeHeapSize                  = 0                                      {pd product} {ergonomic}
     bool ProfileInterpreter                       = false                                  {pd product} {command line}
    uintx ProfiledCodeHeapSize                     = 0                                      {pd product} {ergonomic}
     bool ShowCodeDetailsInExceptionMessages       = true                                   {manageable} {command line}
   size_t SoftMaxHeapSize                          = 2076180480                             {manageable} {ergonomic}
     intx TieredStopAtLevel                        = 1                                         {product} {command line}
     bool UseCompressedOops                        = true                           {product lp64_product} {ergonomic}
     bool UseG1GC                                  = true                                      {product} {ergonomic}
     bool UseLargePagesIndividualAllocation        = false                                  {pd product} {ergonomic}

Logging:
Log output configuration:
 #0: stdout all=warning uptime,level,tags foldmultilines=false
 #1: stderr all=off uptime,level,tags foldmultilines=false

Release file:
JAVA_VERSION="21.0.9" 
MODULES="java.base java.compiler java.datatransfer java.xml java.prefs java.desktop java.instrument java.logging java.management java.security.sasl java.naming java.rmi java.management.rmi java.net.http java.scripting java.security.jgss java.transaction.xa java.sql java.sql.rowset java.xml.crypto java.se java.smartcardio jdk.accessibility jdk.internal.jvmstat jdk.attach jdk.charsets jdk.internal.opt jdk.zipfs jdk.compiler jdk.crypto.ec jdk.crypto.cryptoki jdk.crypto.mscapi jdk.dynalink jdk.internal.ed jdk.editpad jdk.hotspot.agent jdk.httpserver jdk.internal.le jdk.internal.vm.ci jdk.internal.vm.compiler jdk.internal.vm.compiler.management jdk.jartool jdk.javadoc jdk.jcmd jdk.management jdk.management.agent jdk.jconsole jdk.jdeps jdk.jdwp.agent jdk.jdi jdk.jfr jdk.jshell jdk.jsobject jdk.jstatd jdk.localedata jdk.management.jfr jdk.naming.dns jdk.naming.rmi jdk.net jdk.nio.mapmode jdk.random jdk.sctp jdk.security.auth jdk.security.jgss jdk.unsupported jdk.unsupported.desktop jdk.xml.dom" 

Environment Variables:
JAVA_HOME=C:\Program Files\Eclipse Adoptium\jdk-17
PATH=C:/Users/NEHA/.p2/pool/plugins/org.eclipse.justj.openjdk.hotspot.jre.full.win32.x86_64_21.0.9.v20251105-0741/jre/bin/server;C:/Users/NEHA/.p2/pool/plugins/org.eclipse.justj.openjdk.hotspot.jre.full.win32.x86_64_21.0.9.v20251105-0741/jre/bin;C:\Program Files\Eclipse Adoptium\jdk-17\bin;C:\Windows\system32;C:\Windows;C:\Windows\System32\Wbem;C:\Windows\System32\WindowsPowerShell\v1.0\;C:\Windows\System32\OpenSSH\;C:\WINDOWS\system32;C:\WINDOWS;C:\WINDOWS\System32\Wbem;C:\WINDOWS\System32\WindowsPowerShell\v1.0\;C:\WINDOWS\System32\OpenSSH\;C:\Program Files\Eclipse Adoptium\jdk-17\bin;C:\Program Files\Redis\;C:\Program Files\Git\cmd;C:\Program Files\MySQL\MySQL Shell 8.0\bin\;C:\Users\NEHA\AppData\Local\Microsoft\WindowsApps;C:\Users\NEHA\AppData\Local\Programs\Microsoft VS Code\bin;C:\WINDOWS\System32;
USERNAME=NEHA
OS=Windows_NT
PROCESSOR_IDENTIFIER=Intel64 Family 6 Model 140 Stepping 1, GenuineIntel
TMP=C:\Users\NEHA\AppData\Local\Temp
TEMP=C:\Users\NEHA\AppData\Local\Temp




Periodic native trim disabled

---------------  S Y S T E M  ---------------

OS:
 Windows 11 , 64 bit Build 26100 (10.0.26100.8972)
OS uptime: 1 days 4:24 hours

CPU: total 8 (initial active 8) (4 cores per cpu, 2 threads per core) family 6 model 140 stepping 1 microcode 0xbe, cx8, cmov, fxsr, ht, mmx, 3dnowpref, sse, sse2, sse3, ssse3, sse4.1, sse4.2, popcnt, lzcnt, tsc, tscinvbit, avx, avx2, aes, erms, clmul, bmi1, bmi2, adx, avx512f, avx512dq, avx512cd, avx512bw, avx512vl, sha, fma, vzeroupper, avx512_vpopcntdq, avx512_vpclmulqdq, avx512_vaes, avx512_vnni, clflush, clflushopt, clwb, avx512_vbmi2, avx512_vbmi, rdtscp, rdpid, fsrm, gfni, avx512_bitalg, f16c, pku, cet_ibt, cet_ss, avx512_ifma
Processor Information for the first 8 processors :
  Max Mhz: 2419, Current Mhz: 2419, Mhz Limit: 2419

Memory: 4k page, system-wide physical 7914M (640M free)
TotalPageFile size 19206M (AvailPageFile size 0M)
current process WorkingSet (physical memory assigned to process): 97M, peak: 97M
current process commit charge ("private bytes"): 223M, peak: 223M

vm_info: OpenJDK 64-Bit Server VM (21.0.9+10-LTS) for windows-amd64 JRE (21.0.9+10-LTS), built on 2025-10-21T00:00:00Z by "admin" with unknown MS VC++:1942

END.
